PHONE_NUMBER,REAL_ACTIVATION_DATE
0987000001,2016-03-01